// Jest Snapshot v1, https://goo.gl/fbAQLP

exports[`renders correctly 1`] = `
<RCTSafeAreaView
  emulateUnlessSupported={true}
  style={
    Object {
      "backgroundColor": "#F3F3F3",
      "flex": 1,
    }
  }
>
  <View
    style={
      Object {
        "alignItems": "center",
        "backgroundColor": "#FFF",
        "borderBottomColor": "#f2f2f2",
        "borderBottomWidth": 0.5,
        "elevation": 5,
        "flexDirection": "row",
        "justifyContent": "space-between",
        "paddingHorizontal": 10,
        "paddingVertical": 10,
      }
    }
    testID="headerContainer"
  >
    <RNCSafeAreaView
      edges={
        Array [
          "left",
          "top",
          "right",
        ]
      }
      style={
        Object {
          "flexDirection": "row",
          "width": "100%",
        }
      }
    >
      <View
        style={
          Object {
            "alignItems": "flex-start",
            "flex": 1,
          }
        }
      >
        <View
          style={
            Object {
              "overflow": "hidden",
            }
          }
        >
          <View>
            <View
              style={
                Object {
                  "alignItems": "center",
                  "backgroundColor": "transparent",
                  "justifyContent": "center",
                }
              }
            >
              <Text
                allowFontScaling={false}
                style={
                  Array [
                    Object {
                      "color": "#000",
                      "fontSize": 30,
                    },
                    Object {
                      "backgroundColor": "transparent",
                    },
                    Object {
                      "fontFamily": "Ionicons",
                      "fontStyle": "normal",
                      "fontWeight": "normal",
                    },
                    Object {},
                  ]
                }
                testID="iconIcon"
              >
                ÔåÅ
              </Text>
            </View>
          </View>
        </View>
      </View>
      <View
        style={
          Object {
            "alignItems": "center",
            "flex": 3,
          }
        }
      >
        <Text
          numberOfLines={1}
          style={
            Object {
              "color": "#000",
              "fontSize": 22,
              "fontWeight": "bold",
            }
          }
          text="Fetch Git Commits"
        >
          Fetch Git Commits
        </Text>
      </View>
      <View
        style={
          Object {
            "alignItems": "flex-end",
            "flex": 1,
          }
        }
      />
    </RNCSafeAreaView>
  </View>
  <View
    style={
      Object {
        "marginTop": 10,
      }
    }
  />
  <RCTScrollView
    contentInsetAdjustmentBehavior="automatic"
    data={Array []}
    disableVirtualization={false}
    getItem={[Function]}
    getItemCount={[Function]}
    horizontal={false}
    initialNumToRender={10}
    keyExtractor={[Function]}
    maxToRenderPerBatch={10}
    onContentSizeChange={[Function]}
    onEndReachedThreshold={2}
    onLayout={[Function]}
    onMomentumScrollEnd={[Function]}
    onScroll={[Function]}
    onScrollBeginDrag={[Function]}
    onScrollEndDrag={[Function]}
    refreshControl={
      <RefreshControlMock
        onRefresh={[Function]}
        refreshing={false}
      />
    }
    removeClippedSubviews={false}
    renderItem={[Function]}
    scrollEventThrottle={50}
    stickyHeaderIndices={Array []}
    updateCellsBatchingPeriod={50}
    viewabilityConfigCallbackPairs={Array []}
    windowSize={21}
  >
    <RCTRefreshControl />
    <View />
  </RCTScrollView>
</RCTSafeAreaView>
`;
